Archive member included because of file (symbol)

/opt/qnxplatform6.6/host/linux/x86/usr/lib/gcc/arm-unknown-nto-qnx6.6.0eabi/4.7.3/pic//libgcc.a(_udivsi3.o)
                              dwcotg.o (__aeabi_uidiv)
/opt/qnxplatform6.6/host/linux/x86/usr/lib/gcc/arm-unknown-nto-qnx6.6.0eabi/4.7.3/pic//libgcc.a(_dvmd_nto.o)
                              /opt/qnxplatform6.6/host/linux/x86/usr/lib/gcc/arm-unknown-nto-qnx6.6.0eabi/4.7.3/pic//libgcc.a(_udivsi3.o) (__aeabi_idiv0)

Memory Configuration

Name             Origin             Length             Attributes
*default*        0x00000000         0xffffffff

Linker script and memory map

LOAD /opt/qnxplatform6.6/target/qnx6/armle-v7/lib/crti.o
LOAD /opt/qnxplatform6.6/host/linux/x86/usr/lib/gcc/arm-unknown-nto-qnx6.6.0eabi/4.7.3/pic//crtbegin.o
LOAD cmd.o
LOAD dwcotg.o
LOAD event.o
LOAD fifomem.o
LOAD omap543x.o
LOAD trb.o
LOAD /opt/qnxplatform6.6/host/linux/x86/usr/lib/gcc/arm-unknown-nto-qnx6.6.0eabi/4.7.3/pic//libgcc.a
LOAD /opt/qnxplatform6.6/target/qnx6/armle-v7/lib/libc.so
LOAD /opt/qnxplatform6.6/target/qnx6/armle-v7/lib/libcS.a
LOAD /opt/qnxplatform6.6/host/linux/x86/usr/lib/gcc/arm-unknown-nto-qnx6.6.0eabi/4.7.3/pic//libgcc.a
LOAD /opt/qnxplatform6.6/host/linux/x86/usr/lib/gcc/arm-unknown-nto-qnx6.6.0eabi/4.7.3/pic//crtend.o
LOAD /opt/qnxplatform6.6/target/qnx6/armle-v7/lib/crtn.o
                0x000000f4                . = (0x0 + SIZEOF_HEADERS)

.note.gnu.build-id
                0x000000f4       0x20
 *(.note.gnu.build-id)
 .note.gnu.build-id
                0x000000f4       0x20 linker stubs

.hash
 *(.hash)

.gnu.hash       0x00000114      0x3c4
 *(.gnu.hash)
 .gnu.hash      0x00000114      0x3c4 /opt/qnxplatform6.6/target/qnx6/armle-v7/lib/crti.o

.dynsym         0x000004d8      0x9d0
 *(.dynsym)
 .dynsym        0x000004d8      0x9d0 /opt/qnxplatform6.6/target/qnx6/armle-v7/lib/crti.o

.dynstr         0x00000ea8      0xb04
 *(.dynstr)
 .dynstr        0x00000ea8      0xb04 /opt/qnxplatform6.6/target/qnx6/armle-v7/lib/crti.o

.gnu.version    0x000019ac        0x0
 *(.gnu.version)
 .gnu.version   0x00000000        0x0 /opt/qnxplatform6.6/target/qnx6/armle-v7/lib/crti.o

.gnu.version_d  0x000019ac        0x0
 *(.gnu.version_d)
 .gnu.version_d
                0x00000000        0x0 /opt/qnxplatform6.6/target/qnx6/armle-v7/lib/crti.o

.gnu.version_r  0x000019ac        0x0
 *(.gnu.version_r)
 .gnu.version_r
                0x00000000        0x0 /opt/qnxplatform6.6/target/qnx6/armle-v7/lib/crti.o

.rel.dyn        0x000019ac      0x300
 *(.rel.init)
 *(.rel.text .rel.text.* .rel.gnu.linkonce.t.*)
 .rel.text      0x00000000        0x0 /opt/qnxplatform6.6/target/qnx6/armle-v7/lib/crti.o
 *(.rel.fini)
 *(.rel.rodata .rel.rodata.* .rel.gnu.linkonce.r.*)
 *(.rel.data.rel.ro .rel.data.rel.ro.* .rel.gnu.linkonce.d.rel.ro.*)
 .rel.data.rel.ro.local
                0x000019ac       0x90 /opt/qnxplatform6.6/target/qnx6/armle-v7/lib/crti.o
 *(.rel.data .rel.data.* .rel.gnu.linkonce.d.*)
 .rel.data.rel  0x00001a3c      0x188 /opt/qnxplatform6.6/target/qnx6/armle-v7/lib/crti.o
 .rel.data.rel.local
                0x00001bc4       0x58 /opt/qnxplatform6.6/target/qnx6/armle-v7/lib/crti.o
 *(.rel.tdata .rel.tdata.* .rel.gnu.linkonce.td.*)
 *(.rel.tbss .rel.tbss.* .rel.gnu.linkonce.tb.*)
 *(.rel.ctors)
 *(.rel.dtors)
 *(.rel.got)
 .rel.got       0x00001c1c       0x80 /opt/qnxplatform6.6/target/qnx6/armle-v7/lib/crti.o
 *(.rel.bss .rel.bss.* .rel.gnu.linkonce.b.*)
 *(.rel.iplt)
 .rel.iplt      0x00000000        0x0 /opt/qnxplatform6.6/target/qnx6/armle-v7/lib/crti.o
 .rel.init_array
                0x00001c9c        0x8 /opt/qnxplatform6.6/target/qnx6/armle-v7/lib/crti.o
 .rel.fini_array
                0x00001ca4        0x8 /opt/qnxplatform6.6/target/qnx6/armle-v7/lib/crti.o

.rela.dyn
 *(.rela.init)
 *(.rela.text .rela.text.* .rela.gnu.linkonce.t.*)
 *(.rela.fini)
 *(.rela.rodata .rela.rodata.* .rela.gnu.linkonce.r.*)
 *(.rela.data .rela.data.* .rela.gnu.linkonce.d.*)
 *(.rela.tdata .rela.tdata.* .rela.gnu.linkonce.td.*)
 *(.rela.tbss .rela.tbss.* .rela.gnu.linkonce.tb.*)
 *(.rela.ctors)
 *(.rela.dtors)
 *(.rela.got)
 *(.rela.bss .rela.bss.* .rela.gnu.linkonce.b.*)
 *(.rela.iplt)

.rel.plt        0x00001cac      0x150
 *(.rel.plt)
 .rel.plt       0x00001cac      0x150 /opt/qnxplatform6.6/target/qnx6/armle-v7/lib/crti.o

.rela.plt
 *(.rela.plt)

.init           0x00001dfc        0x8
 *(SORT(.init))
 .init          0x00001dfc        0x4 /opt/qnxplatform6.6/target/qnx6/armle-v7/lib/crti.o
                0x00001dfc                _init
 .init          0x00001e00        0x4 /opt/qnxplatform6.6/target/qnx6/armle-v7/lib/crtn.o

.plt            0x00001e04      0x214
 *(.plt)
 .plt           0x00001e04      0x214 /opt/qnxplatform6.6/target/qnx6/armle-v7/lib/crti.o

.iplt           0x00002018        0x0
 *(.iplt)
 .iplt          0x00000000        0x0 /opt/qnxplatform6.6/target/qnx6/armle-v7/lib/crti.o

.text           0x00002018     0x2e98
                0x00002018                _btext = .
 *(.text.unlikely .text.*_unlikely .text.unlikely.*)
 *(.text.exit .text.exit.*)
 *(.text.startup .text.startup.*)
 *(.text.hot .text.hot.*)
 *(.text .stub .text.* .gnu.linkonce.t.*)
 .text          0x00002018        0x0 /opt/qnxplatform6.6/target/qnx6/armle-v7/lib/crti.o
 .text          0x00002018      0x114 /opt/qnxplatform6.6/host/linux/x86/usr/lib/gcc/arm-unknown-nto-qnx6.6.0eabi/4.7.3/pic//crtbegin.o
 .text          0x0000212c      0x318 cmd.o
                0x0000212c                epcmd_build_DEPSTARTCFG
                0x00002142                epcmd_build_DEPCFG
                0x000021a2                epcmd_build_DEPSTRTXFER
                0x000021b6                epcmd_build_DEPENDXFER
                0x000021c8                epcmd_build_DEPXFERCFG
                0x000021d8                epcmd_build_DEPSETSTALL
                0x000021e8                epcmd_build_DEPCSTALL
                0x000021f8                epcmd_send
                0x00002378                dgcmd_build_FIFO_ALL_FLUSH
                0x00002386                dgcmd_build_SETPERI_PARAM
                0x00002390                dgcmd_send
 *fill*         0x00002444        0x4 
 .text          0x00002448     0x19f8 dwcotg.o
                0x00002448                dwcotg_clear_device_feature
                0x00002486                dwcotg_control_endpoint_enable
                0x00002490                dwcotg_control_endpoint_disable
                0x00002494                dwcotg_start
                0x00002498                dwcotg_stop
                0x0000249c                dwcotg_slogf
                0x00002560                dwcotg_isoch_transfer
                0x00002580                dwcotg_isoch_transfer_abort
                0x000025a0                dwcotg_isoch_endpoint_disable
                0x000025c0                dwcotg_endpoint_disable
                0x00002648                dwcotg_isoch_endpoint_enable
                0x00002668                dwcotg_endpoint_enable
                0x0000281c                dwcotg_get_descriptor
                0x0000293c                dwcotg_set_sel
                0x0000299c                dwcotg_clear_endpoint_state
                0x00002ab8                dwcotg_select_configuration
                0x00002b68                dwcotg_interrupt
                0x00002c8c                dwcotg_xfer_start
                0x00002d7c                dwcotg_transfer
                0x00002e24                dwcotg_control_transfer
                0x00002f5c                dwcotg_set_device_address
                0x00002fc8                dwcotg_setup_packet_get
                0x00003008                dwcotg_control_transfer_abort
                0x00003060                dwcotg_set_endpoint_state
                0x000031b4                dwcotg_xfer_abort
                0x00003240                dwcotg_transfer_abort
                0x0000328c                dwcotg_disconnect
                0x00003328                dwcotg_set_bus_state
                0x00003356                dwcotg_set_test_mode
                0x000033ac                dwcotg_set_device_feature
                0x0000340a                ep0_cfg
                0x00003674                ep0_decfg
                0x000036a0                dwcotg_process_args
                0x00003840                dwcotg_init
                0x00003dc2                destroy_delayed_execution_handler
                0x00003de2                dwcotg_shutdown
 .text          0x00003e40      0x720 event.o
                0x00003e7c                event_process
                0x000043cc                event_decode
 .text          0x00004560      0x284 fifomem.o
                0x00004560                log2_roundup
                0x0000457a                fifomem_init
                0x0000460c                fifomem_fini
                0x00004610                fifomem_alloc
                0x000046b0                fifomem_free
                0x000047d8                fifomem_alloc_ep0
                0x000047e0                fifomem_free_ep0
 *fill*         0x000047e4        0x4 
 .text          0x000047e8      0x360 omap543x.o
                0x000047e8                map_regs
                0x0000498c                unmap_regs
                0x000049d4                phy_config
                0x00004a00                dwcotg_custom_init1
                0x00004a84                dwcotg_custom_init2
                0x00004ad0                dwcotg_custom_fini1
                0x00004ae4                dwcotg_custom_fini2
                0x00004b18                dwcotg_custom_reset
                0x00004b1c                dwcotg_phy_in_reset
 .text          0x00004b48      0x154 trb.o
                0x00004b48                trb_cluster_alloc
                0x00004c28                trb_cluster_free
                0x00004c42                trb_build_ctrl_setup
                0x00004c54                trb_build_ctrl_data
                0x00004c66                trb_build_ctrl_status2
                0x00004c78                trb_build_ctrl_status3
                0x00004c8a                trb_build_normal
 .text          0x00004c9c      0x20c /opt/qnxplatform6.6/host/linux/x86/usr/lib/gcc/arm-unknown-nto-qnx6.6.0eabi/4.7.3/pic//libgcc.a(_udivsi3.o)
                0x00004c9c                __udivsi3
                0x00004c9c                __aeabi_uidiv
                0x00004e88                __aeabi_uidivmod
 .text          0x00004ea8        0x8 /opt/qnxplatform6.6/host/linux/x86/usr/lib/gcc/arm-unknown-nto-qnx6.6.0eabi/4.7.3/pic//libgcc.a(_dvmd_nto.o)
                0x00004ea8                __aeabi_ldiv0
                0x00004ea8                __div0
                0x00004ea8                __aeabi_idiv0
 .text          0x00004eb0        0x0 /opt/qnxplatform6.6/host/linux/x86/usr/lib/gcc/arm-unknown-nto-qnx6.6.0eabi/4.7.3/pic//crtend.o
 .text          0x00004eb0        0x0 /opt/qnxplatform6.6/target/qnx6/armle-v7/lib/crtn.o
 *(.gnu.warning)
 *(.glue_7t)
 .glue_7t       0x00000000        0x0 linker stubs
 *(.glue_7)
 .glue_7        0x00000000        0x0 linker stubs
 *(.vfp11_veneer)
 .vfp11_veneer  0x00000000        0x0 linker stubs
 *(.v4_bx)
 .v4_bx         0x00000000        0x0 linker stubs

.fini           0x00004eb0        0x8
 *(SORT(.fini))
 .fini          0x00004eb0        0x4 /opt/qnxplatform6.6/target/qnx6/armle-v7/lib/crti.o
                0x00004eb0                _fini
 .fini          0x00004eb4        0x4 /opt/qnxplatform6.6/target/qnx6/armle-v7/lib/crtn.o
                0x00004eb8                PROVIDE (__etext, .)
                0x00004eb8                PROVIDE (_etext, .)
                0x00004eb8                PROVIDE (etext, .)

.rodata         0x00004eb8     0x1c74
 *(.rodata .rodata.* .gnu.linkonce.r.*)
 .rodata        0x00004eb8       0x16 cmd.o
 .rodata.str1.1
                0x00004ece      0x136 cmd.o
 .rodata        0x00005004      0x3eb dwcotg.o
                0x00005279                string_descriptors
                0x000053d9                usbdc_bos_descriptor
 .rodata.str1.1
                0x000053ef      0xea1 dwcotg.o
 .rodata        0x00006290       0xb6 event.o
 .rodata.str1.1
                0x00006346      0x638 event.o
                                0x6d4 (size before relaxing)
 .rodata        0x0000697e       0x28 fifomem.o
 .rodata.str1.1
                0x000069a6       0x27 fifomem.o
 .rodata        0x000069cd       0x1d omap543x.o
 .rodata.str1.1
                0x000069ea       0x9a omap543x.o
 .rodata        0x00006a84       0x12 trb.o
 .rodata.str1.1
                0x00006a96       0x96 trb.o

.rodata1
 *(.rodata1)

.ARM.extab
 *(.ARM.extab* .gnu.linkonce.armextab.*)
                0x00006b2c                __exidx_start = .

.ARM.exidx
 *(.ARM.exidx* .gnu.linkonce.armexidx.*)
                0x00006b2c                __exidx_end = .

.eh_frame_hdr   0x00006b2c        0x0
 *(.eh_frame_hdr)
 .eh_frame_hdr  0x00000000        0x0 /opt/qnxplatform6.6/target/qnx6/armle-v7/lib/crtn.o

.eh_frame       0x00006b2c        0x4
 *(.eh_frame)
 .eh_frame      0x00006b2c        0x0 /opt/qnxplatform6.6/host/linux/x86/usr/lib/gcc/arm-unknown-nto-qnx6.6.0eabi/4.7.3/pic//crtbegin.o
 .eh_frame      0x00006b2c        0x4 /opt/qnxplatform6.6/host/linux/x86/usr/lib/gcc/arm-unknown-nto-qnx6.6.0eabi/4.7.3/pic//crtend.o

.note           0x00006b30       0x18
 .note          0x00006b30       0x18 /opt/qnxplatform6.6/target/qnx6/armle-v7/lib/crtn.o

.gcc_except_table
 *(.gcc_except_table .gcc_except_table.*)

.exception_ranges
 *(.exception_ranges .exception_ranges*)
                0x00006b48                . = (ALIGN (0x1000) - ((0x1000 - .) & 0xfff))
                0x00007ed4                . = DATA_SEGMENT_ALIGN (0x1000, 0x1000)

.eh_frame
 *(.eh_frame)

.gcc_except_table
 *(.gcc_except_table .gcc_except_table.*)

.exception_ranges
 *(.exception_ranges .exception_ranges*)

.tdata
 *(.tdata .tdata.* .gnu.linkonce.td.*)

.tbss
 *(.tbss .tbss.* .gnu.linkonce.tb.*)
 *(.tcommon)

.preinit_array
 *(.preinit_array)

.init_array     0x00007ed4        0x4
 *(SORT(.init_array.*))
 *(.init_array)
 .init_array    0x00007ed4        0x4 /opt/qnxplatform6.6/host/linux/x86/usr/lib/gcc/arm-unknown-nto-qnx6.6.0eabi/4.7.3/pic//crtbegin.o

.fini_array     0x00007ed8        0x4
 *(SORT(.fini_array.*))
 *(.fini_array)
 .fini_array    0x00007ed8        0x4 /opt/qnxplatform6.6/host/linux/x86/usr/lib/gcc/arm-unknown-nto-qnx6.6.0eabi/4.7.3/pic//crtbegin.o

.ctors
 *crtbegin.o(.ctors)
 *crtbegin?.o(.ctors)
 *(EXCLUDE_FILE(*crtend?.o *crtend.o) .ctors)
 *(SORT(.ctors.*))
 *(.ctors)

.dtors
 *crtbegin.o(.dtors)
 *crtbegin?.o(.dtors)
 *(EXCLUDE_FILE(*crtend?.o *crtend.o) .dtors)
 *(SORT(.dtors.*))
 *(.dtors)

.jcr            0x00007edc        0x4
 *(.jcr)
 .jcr           0x00007edc        0x0 /opt/qnxplatform6.6/host/linux/x86/usr/lib/gcc/arm-unknown-nto-qnx6.6.0eabi/4.7.3/pic//crtbegin.o
 .jcr           0x00007edc        0x4 /opt/qnxplatform6.6/host/linux/x86/usr/lib/gcc/arm-unknown-nto-qnx6.6.0eabi/4.7.3/pic//crtend.o

.data.rel.ro    0x00007ee0       0x48
 *(.data.rel.ro.local* .gnu.linkonce.d.rel.ro.local.*)
 .data.rel.ro.local
                0x00007ee0       0x48 event.o
 *(.data.rel.ro .data.rel.ro.* .gnu.linkonce.d.rel.ro.*)

.dynamic        0x00007f28       0xd8
 *(.dynamic)
 .dynamic       0x00007f28       0xd8 /opt/qnxplatform6.6/target/qnx6/armle-v7/lib/crti.o
                0x00007f28                _DYNAMIC
                0x00008000                . = DATA_SEGMENT_RELRO_END (., 0x0)

.got            0x00008000       0xf4
 *(.got.plt)
 .got.plt       0x00008000       0xb4 /opt/qnxplatform6.6/target/qnx6/armle-v7/lib/crti.o
                0x00008000                _GLOBAL_OFFSET_TABLE_
 *(.igot.plt)
 .igot.plt      0x00000000        0x0 /opt/qnxplatform6.6/target/qnx6/armle-v7/lib/crti.o
 *(.got)
 .got           0x000080b4       0x40 /opt/qnxplatform6.6/target/qnx6/armle-v7/lib/crti.o
 *(.igot)

.data           0x000080f4      0x258
                0x000080f4                __data_start = .
 *(.data .data.* .gnu.linkonce.d.*)
 .data          0x000080f4        0x0 /opt/qnxplatform6.6/target/qnx6/armle-v7/lib/crti.o
 .data          0x000080f4        0x0 /opt/qnxplatform6.6/host/linux/x86/usr/lib/gcc/arm-unknown-nto-qnx6.6.0eabi/4.7.3/pic//crtbegin.o
 .data.rel      0x000080f4        0x4 /opt/qnxplatform6.6/host/linux/x86/usr/lib/gcc/arm-unknown-nto-qnx6.6.0eabi/4.7.3/pic//crtbegin.o
                0x000080f4                __dso_handle
 .data          0x000080f8        0x0 cmd.o
 .data          0x000080f8      0x121 dwcotg.o
                0x000080f8                usbdc_ss_config_descriptor_0
                0x00008155                usbdc_ss_device_descriptor
                0x00008167                usbdc_hs_config_descriptor_0
                0x000081b2                usbdc_fs_config_descriptor_0
                0x000081fd                usbdc_device_qualifier_descriptor
                0x00008207                usbdc_device_descriptor
 *fill*         0x00008219        0x3 
 .data.rel.local
                0x0000821c       0x30 dwcotg.o
 .data.rel      0x0000824c      0x100 dwcotg.o
                0x0000824c                io_usb_dll_entry
                0x0000826c                dwcotg_usb_controller_methods
                0x0000827c                dwcotg_controller_methods
                0x000082d0                usbdc_string_descriptor
                0x000082f0                usbdc_ss_config_descriptor
                0x000082f4                usbdc_hs_config_descriptor
                0x000082f8                usbdc_fs_config_descriptor
 .data          0x0000834c        0x0 event.o
 .data          0x0000834c        0x0 fifomem.o
 .data          0x0000834c        0x0 omap543x.o
 .data          0x0000834c        0x0 trb.o
 .data          0x0000834c        0x0 /opt/qnxplatform6.6/host/linux/x86/usr/lib/gcc/arm-unknown-nto-qnx6.6.0eabi/4.7.3/pic//libgcc.a(_udivsi3.o)
 .data          0x0000834c        0x0 /opt/qnxplatform6.6/host/linux/x86/usr/lib/gcc/arm-unknown-nto-qnx6.6.0eabi/4.7.3/pic//libgcc.a(_dvmd_nto.o)
 .data          0x0000834c        0x0 /opt/qnxplatform6.6/host/linux/x86/usr/lib/gcc/arm-unknown-nto-qnx6.6.0eabi/4.7.3/pic//crtend.o
 .data          0x0000834c        0x0 /opt/qnxplatform6.6/target/qnx6/armle-v7/lib/crtn.o

.tm_clone_table
                0x0000834c        0x0
 .tm_clone_table
                0x0000834c        0x0 /opt/qnxplatform6.6/host/linux/x86/usr/lib/gcc/arm-unknown-nto-qnx6.6.0eabi/4.7.3/pic//crtbegin.o
 .tm_clone_table
                0x0000834c        0x0 /opt/qnxplatform6.6/host/linux/x86/usr/lib/gcc/arm-unknown-nto-qnx6.6.0eabi/4.7.3/pic//crtend.o

.data1
 *(.data1)
                0x0000834c                _edata = .
                0x0000834c                PROVIDE (edata, .)
                0x0000834c                . = .
                0x0000834c                __bss_start = .
                0x0000834c                __bss_start__ = .

.bss            0x0000834c       0x20
 *(.dynbss)
 .dynbss        0x00000000        0x0 /opt/qnxplatform6.6/target/qnx6/armle-v7/lib/crti.o
 *(.bss .bss.* .gnu.linkonce.b.*)
 .bss           0x0000834c        0x0 /opt/qnxplatform6.6/target/qnx6/armle-v7/lib/crti.o
 .bss           0x0000834c       0x1c /opt/qnxplatform6.6/host/linux/x86/usr/lib/gcc/arm-unknown-nto-qnx6.6.0eabi/4.7.3/pic//crtbegin.o
 .bss           0x00008368        0x0 cmd.o
 .bss           0x00008368        0x0 dwcotg.o
 .bss           0x00008368        0x0 event.o
 .bss           0x00008368        0x0 fifomem.o
 .bss           0x00008368        0x4 omap543x.o
                0x00008368                platform_t
 .bss           0x0000836c        0x0 trb.o
 .bss           0x0000836c        0x0 /opt/qnxplatform6.6/host/linux/x86/usr/lib/gcc/arm-unknown-nto-qnx6.6.0eabi/4.7.3/pic//libgcc.a(_udivsi3.o)
 .bss           0x0000836c        0x0 /opt/qnxplatform6.6/host/linux/x86/usr/lib/gcc/arm-unknown-nto-qnx6.6.0eabi/4.7.3/pic//libgcc.a(_dvmd_nto.o)
 .bss           0x0000836c        0x0 /opt/qnxplatform6.6/host/linux/x86/usr/lib/gcc/arm-unknown-nto-qnx6.6.0eabi/4.7.3/pic//crtend.o
 .bss           0x0000836c        0x0 /opt/qnxplatform6.6/target/qnx6/armle-v7/lib/crtn.o
 *(COMMON)
                0x0000836c                . = ALIGN ((. != 0x0)?0x4:0x1)
                0x0000836c                _bss_end__ = .
                0x0000836c                __bss_end__ = .
                0x0000836c                . = ALIGN (0x4)
                0x0000836c                . = SEGMENT_START ("ldata-segment", .)
                0x0000836c                . = ALIGN (0x4)
                0x0000836c                __end__ = .
                0x0000836c                _end = .
                0x0000836c                PROVIDE (end, .)
                0x0000836c                . = DATA_SEGMENT_END (.)

.stab
 *(.stab)

.stabstr
 *(.stabstr)

.stab.excl
 *(.stab.excl)

.stab.exclstr
 *(.stab.exclstr)

.stab.index
 *(.stab.index)

.stab.indexstr
 *(.stab.indexstr)

.comment        0x00000000       0x11
 *(.comment)
 .comment       0x00000000       0x11 /opt/qnxplatform6.6/host/linux/x86/usr/lib/gcc/arm-unknown-nto-qnx6.6.0eabi/4.7.3/pic//crtbegin.o
                                 0x12 (size before relaxing)
 .comment       0x00000000       0x12 cmd.o
 .comment       0x00000000       0x12 dwcotg.o
 .comment       0x00000000       0x12 event.o
 .comment       0x00000000       0x12 fifomem.o
 .comment       0x00000000       0x12 omap543x.o
 .comment       0x00000000       0x12 trb.o
 .comment       0x00000000       0x12 /opt/qnxplatform6.6/host/linux/x86/usr/lib/gcc/arm-unknown-nto-qnx6.6.0eabi/4.7.3/pic//crtend.o

.ARM.attributes
                0x00000000       0x2f
 .ARM.attributes
                0x00000000       0x1f /opt/qnxplatform6.6/target/qnx6/armle-v7/lib/crti.o
 .ARM.attributes
                0x0000001f       0x33 /opt/qnxplatform6.6/host/linux/x86/usr/lib/gcc/arm-unknown-nto-qnx6.6.0eabi/4.7.3/pic//crtbegin.o
 .ARM.attributes
                0x00000052       0x33 cmd.o
 .ARM.attributes
                0x00000085       0x33 dwcotg.o
 .ARM.attributes
                0x000000b8       0x33 event.o
 .ARM.attributes
                0x000000eb       0x33 fifomem.o
 .ARM.attributes
                0x0000011e       0x33 omap543x.o
 .ARM.attributes
                0x00000151       0x33 trb.o
 .ARM.attributes
                0x00000184       0x21 /opt/qnxplatform6.6/host/linux/x86/usr/lib/gcc/arm-unknown-nto-qnx6.6.0eabi/4.7.3/pic//libgcc.a(_udivsi3.o)
 .ARM.attributes
                0x000001a5       0x21 /opt/qnxplatform6.6/host/linux/x86/usr/lib/gcc/arm-unknown-nto-qnx6.6.0eabi/4.7.3/pic//libgcc.a(_dvmd_nto.o)
 .ARM.attributes
                0x000001c6       0x33 /opt/qnxplatform6.6/host/linux/x86/usr/lib/gcc/arm-unknown-nto-qnx6.6.0eabi/4.7.3/pic//crtend.o
 .ARM.attributes
                0x000001f9       0x1f /opt/qnxplatform6.6/target/qnx6/armle-v7/lib/crtn.o

.ident          0x00000000     0x1962
 .ident         0x00000000     0x154b cmd.o
                               0x238b (size before relaxing)
 .ident         0x0000154b      0x21f dwcotg.o
                               0x265a (size before relaxing)
 .ident         0x0000176a       0x60 event.o
                               0x238d (size before relaxing)
 .ident         0x000017ca       0x62 fifomem.o
                               0x2441 (size before relaxing)
 .ident         0x0000182c       0xd8 omap543x.o
                               0x25b1 (size before relaxing)
 .ident         0x00001904       0x5e trb.o
                               0x238b (size before relaxing)

.debug
 *(.debug)

.line
 *(.line)

.debug_srcinfo
 *(.debug_srcinfo)

.debug_sfnames
 *(.debug_sfnames)

.debug_aranges  0x00000000       0xc0
 *(.debug_aranges)
 .debug_aranges
                0x00000000       0x20 cmd.o
 .debug_aranges
                0x00000020       0x20 dwcotg.o
 .debug_aranges
                0x00000040       0x20 event.o
 .debug_aranges
                0x00000060       0x20 fifomem.o
 .debug_aranges
                0x00000080       0x20 omap543x.o
 .debug_aranges
                0x000000a0       0x20 trb.o

.debug_pubnames
 *(.debug_pubnames)

.debug_info     0x00000000     0xc9d4
 *(.debug_info .gnu.linkonce.wi.*)
 .debug_info    0x00000000     0x146f cmd.o
 .debug_info    0x0000146f     0x6190 dwcotg.o
 .debug_info    0x000075ff     0x1c05 event.o
 .debug_info    0x00009204     0x1182 fifomem.o
 .debug_info    0x0000a386     0x16b0 omap543x.o
 .debug_info    0x0000ba36      0xf9e trb.o

.debug_abbrev   0x00000000     0x156f
 *(.debug_abbrev)
 .debug_abbrev  0x00000000      0x2f6 cmd.o
 .debug_abbrev  0x000002f6      0x59b dwcotg.o
 .debug_abbrev  0x00000891      0x397 event.o
 .debug_abbrev  0x00000c28      0x358 fifomem.o
 .debug_abbrev  0x00000f80      0x374 omap543x.o
 .debug_abbrev  0x000012f4      0x27b trb.o

.debug_line     0x00000000     0x1db7
 *(.debug_line .debug_line.* .debug_line_end)
 .debug_line    0x00000000      0x42f cmd.o
 .debug_line    0x0000042f      0xb54 dwcotg.o
 .debug_line    0x00000f83      0x3e2 event.o
 .debug_line    0x00001365      0x38e fifomem.o
 .debug_line    0x000016f3      0x3fc omap543x.o
 .debug_line    0x00001aef      0x2c8 trb.o

.debug_frame    0x00000000      0x818
 *(.debug_frame)
 .debug_frame   0x00000000       0xf8 cmd.o
 .debug_frame   0x000000f8      0x460 dwcotg.o
 .debug_frame   0x00000558       0x78 event.o
 .debug_frame   0x000005d0       0xb0 fifomem.o
 .debug_frame   0x00000680       0xdc omap543x.o
 .debug_frame   0x0000075c       0x9c trb.o
 .debug_frame   0x000007f8       0x20 /opt/qnxplatform6.6/host/linux/x86/usr/lib/gcc/arm-unknown-nto-qnx6.6.0eabi/4.7.3/pic//libgcc.a(_udivsi3.o)

.debug_str      0x00000000     0x2064
 *(.debug_str)
 .debug_str     0x00000000      0x9ee cmd.o
                                0xa93 (size before relaxing)
 .debug_str     0x000009ee     0x123d dwcotg.o
                               0x1e05 (size before relaxing)
 .debug_str     0x00001c2b      0x18e event.o
                                0xc9c (size before relaxing)
 .debug_str     0x00001db9      0x11e fifomem.o
                                0xa31 (size before relaxing)
 .debug_str     0x00001ed7      0x110 omap543x.o
                                0xb05 (size before relaxing)
 .debug_str     0x00001fe7       0x7d trb.o
                                0x9c6 (size before relaxing)

.debug_loc      0x00000000     0x552a
 *(.debug_loc)
 .debug_loc     0x00000000      0x6cd cmd.o
 .debug_loc     0x000006cd     0x3524 dwcotg.o
 .debug_loc     0x00003bf1      0xac1 event.o
 .debug_loc     0x000046b2      0x575 fifomem.o
 .debug_loc     0x00004c27      0x7b9 omap543x.o
 .debug_loc     0x000053e0      0x14a trb.o

.debug_macinfo
 *(.debug_macinfo)

.debug_weaknames
 *(.debug_weaknames)

.debug_funcnames
 *(.debug_funcnames)

.debug_typenames
 *(.debug_typenames)

.debug_varnames
 *(.debug_varnames)

.debug_pubtypes
 *(.debug_pubtypes)

.debug_ranges   0x00000000      0x460
 *(.debug_ranges)
 .debug_ranges  0x00000000      0x138 cmd.o
 .debug_ranges  0x00000138      0x2a8 dwcotg.o
 .debug_ranges  0x000003e0       0x50 event.o
 .debug_ranges  0x00000430       0x30 omap543x.o

.debug_macro
 *(.debug_macro)

.stack          0x00080000        0x0
                0x00080000                _stack = .
 *(.stack)

.gnu.attributes
 *(.gnu.attributes)

/DISCARD/
 *(.note.GNU-stack)
 *(.gnu_debuglink)
 *(.gnu.lto_*)
OUTPUT(/builds/workspace/BSP_ti-j6-dra74x_vayu-evm_br-660_be-660/code/hardware/devu/dc/dwcotg3/omap543x/usbser/arm/dll.le.v7/devu-usbser-omap543x-dwcotg3.so elf32-littlearm)
